
> skillsync@0.1.0 test
> vitest --run


[1m[46m RUN [49m[22m [36mv4.0.18 [39m[90mD:/Skillsync v2[39m

 [32mÔ£ô[39m tests/cloudinary.test.ts [2m([22m[2m11 tests[22m[2m)[22m[32m 19[2mms[22m[39m
 [32mÔ£ô[39m tests/embeddings.test.ts [2m([22m[2m10 tests[22m[2m)[22m[32m 21[2mms[22m[39m
 [32mÔ£ô[39m tests/magic-link-invite.test.ts [2m([22m[2m6 tests[22m[2m)[22m[32m 26[2mms[22m[39m
 [32mÔ£ô[39m tests/auth.test.ts [2m([22m[2m24 tests[22m[2m)[22m[32m 24[2mms[22m[39m
 [32mÔ£ô[39m tests/auth-integration.test.ts [2m([22m[2m8 tests[22m[2m)[22m[32m 27[2mms[22m[39m
 [32mÔ£ô[39m tests/guardrails.test.ts [2m([22m[2m37 tests[22m[2m)[22m[32m 57[2mms[22m[39m
 [32mÔ£ô[39m tests/composition.test.ts [2m([22m[2m10 tests[22m[2m)[22m[32m 28[2mms[22m[39m
 [32mÔ£ô[39m tests/magic-link.test.ts [2m([22m[2m4 tests[22m[2m)[22m[32m 29[2mms[22m[39m
 [32mÔ£ô[39m tests/cron-workers.test.ts [2m([22m[2m15 tests[22m[2m)[22m[32m 34[2mms[22m[39m
 [32mÔ£ô[39m tests/antigravity-router.test.ts [2m([22m[2m16 tests[22m[2m)[22m[32m 38[2mms[22m[39m
 [32mÔ£ô[39m tests/ranking-pipeline.test.ts [2m([22m[2m8 tests[22m[2m)[22m[32m 69[2mms[22m[39m
 [32mÔ£ô[39m tests/scoring.test.ts [2m([22m[2m63 tests[22m[2m)[22m[32m 125[2mms[22m[39m
 [32mÔ£ô[39m tests/drives-api.test.ts [2m([22m[2m12 tests[22m[2m)[22m[32m 37[2mms[22m[39m
 [32mÔ£ô[39m tests/semantic-skills.test.ts [2m([22m[2m34 tests[22m[2m)[22m[32m 88[2mms[22m[39m
 [32mÔ£ô[39m tests/api-routes.test.ts [2m([22m[2m36 tests[22m[2m)[22m[32m 63[2mms[22m[39m
 [32mÔ£ô[39m tests/sandbox-route.test.ts [2m([22m[2m4 tests[22m[2m)[22m[32m 16[2mms[22m[39m
 [32mÔ£ô[39m tests/example.test.ts [2m([22m[2m1 test[22m[2m)[22m[32m 11[2mms[22m[39m
 [32mÔ£ô[39m tests/server-extractor.test.ts [2m([22m[2m1 test[22m[2m)[22m[32m 16[2mms[22m[39m

[2m Test Files [22m [1m[32m18 passed[39m[22m[90m (18)[39m
[2m      Tests [22m [1m[32m300 passed[39m[22m[90m (300)[39m
[2m   Start at [22m 19:38:04
[2m   Duration [22m 16.00s[2m (transform 5.82s, setup 46.63s, import 6.35s, tests 731ms, environment 106.74s)[22m

