
> skillsync@0.1.0 test
> vitest


[1m[44m DEV [49m[22m [34mv4.0.18 [39m[90mD:/Skillsync v2[39m

 [32mÔ£ô[39m tests/magic-link-invite.test.ts [2m([22m[2m6 tests[22m[2m)[22m[32m 8[2mms[22m[39m
 [32mÔ£ô[39m tests/cron-workers.test.ts [2m([22m[2m15 tests[22m[2m)[22m[32m 11[2mms[22m[39m
 [32mÔ£ô[39m tests/auth-integration.test.ts [2m([22m[2m8 tests[22m[2m)[22m[32m 14[2mms[22m[39m
 [32mÔ£ô[39m tests/ranking-pipeline.test.ts [2m([22m[2m8 tests[22m[2m)[22m[32m 21[2mms[22m[39m
 [32mÔ£ô[39m tests/guardrails.test.ts [2m([22m[2m37 tests[22m[2m)[22m[32m 20[2mms[22m[39m
 [32mÔ£ô[39m tests/semantic-skills.test.ts [2m([22m[2m34 tests[22m[2m)[22m[32m 27[2mms[22m[39m
 [32mÔ£ô[39m tests/scoring.test.ts [2m([22m[2m63 tests[22m[2m)[22m[32m 39[2mms[22m[39m
 [32mÔ£ô[39m tests/api-routes.test.ts [2m([22m[2m36 tests[22m[2m)[22m[32m 26[2mms[22m[39m
 [32mÔ£ô[39m tests/composition.test.ts [2m([22m[2m10 tests[22m[2m)[22m[32m 10[2mms[22m[39m
 [32mÔ£ô[39m tests/drives-api.test.ts [2m([22m[2m12 tests[22m[2m)[22m[32m 16[2mms[22m[39m
 [32mÔ£ô[39m tests/antigravity-router.test.ts [2m([22m[2m16 tests[22m[2m)[22m[32m 11[2mms[22m[39m
 [32mÔ£ô[39m tests/magic-link.test.ts [2m([22m[2m4 tests[22m[2m)[22m[32m 11[2mms[22m[39m
 [32mÔ£ô[39m tests/embeddings.test.ts [2m([22m[2m10 tests[22m[2m)[22m[32m 11[2mms[22m[39m
 [32mÔ£ô[39m tests/auth.test.ts [2m([22m[2m24 tests[22m[2m)[22m[32m 12[2mms[22m[39m
 [32mÔ£ô[39m tests/cloudinary.test.ts [2m([22m[2m11 tests[22m[2m)[22m[32m 7[2mms[22m[39m
 [32mÔ£ô[39m tests/server-extractor.test.ts [2m([22m[2m1 test[22m[2m)[22m[32m 5[2mms[22m[39m
 [32mÔ£ô[39m tests/example.test.ts [2m([22m[2m1 test[22m[2m)[22m[32m 3[2mms[22m[39m
 [32mÔ£ô[39m tests/sandbox-route.test.ts [2m([22m[2m4 tests[22m[2m)[22m[32m 4[2mms[22m[39m

[2m Test Files [22m [1m[32m18 passed[39m[22m[90m (18)[39m
[2m      Tests [22m [1m[32m300 passed[39m[22m[90m (300)[39m
[2m   Start at [22m 07:46:47
[2m   Duration [22m 7.08s[2m (transform 1.31s, setup 11.40s, import 1.36s, tests 256ms, environment 30.49s)[22m

[1m[42m PASS [49m[22m [32mWaiting for file changes...[39m
       [2mpress [22m[1mh[22m[2m to show help[22m[2m, [22m[2mpress [22m[1mq[22m[2m to quit[22m
[31mCancelling test run. Press CTRL+c again to exit forcefully.
[39m
