lib/auth/config.ts(25,39): error TS6133: 'profile' is declared but its value is never read.
